[0;36m[17:48:27][0m [1;37m[INFO][0m  Device: [1;33ma32x[0m
[0;36m[17:48:27][0m [1;37m[INFO][0m  Config: [1;33mrufnx_defconfig[0m
[0;36m[17:48:27][0m [1;37m[INFO][0m  Builder: [1;33mA32@A32[0m
[0;36m[17:48:27][0m [1;37m[INFO][0m  Build started at 02-08-2026 17:48:27
[0;36m[17:48:27][0m [1;37m[INFO][0m  Setting up build dependencies...
[0;36m[17:48:27][0m [1;37m[INFO][0m  Verifying dependencies...
[0;36m[17:48:27][0m [0;32m[OK][0m  All system dependencies verified
[0;36m[17:48:27][0m [0;32m[OK][0m  AnyKernel3 already exists
[0;36m[17:48:27][0m [0;32m[OK][0m  All dependencies ready!
[0;36m[17:48:27][0m [1;37m[INFO][0m  Setting up build environment...
[0;36m[17:48:27][0m [1;37m[INFO][0m  Architecture: [1;33marm64[0m
[0;36m[17:48:27][0m [1;37m[INFO][0m  Compiler: [1;33mClang + GCC[0m
[0;36m[17:48:27][0m [1;37m[INFO][0m  Threads: [1;33m8[0m
[0;36m[17:48:27][0m [0;32m[OK][0m  Environment ready!
[0;36m[17:48:27][0m [1;37m[INFO][0m  Starting kernel compilation...
[0;36m[17:48:27][0m [0;35m[PROGRESS][0m  Generating defconfig...
make: Entering directory '/home/ubuntu/workspace/kernel'
make[1]: Entering directory '/home/ubuntu/workspace/kernel/out'
  GEN     ./Makefile
#
# configuration written to .config
#
make[1]: Leaving directory '/home/ubuntu/workspace/kernel/out'
make: Leaving directory '/home/ubuntu/workspace/kernel'
[0;36m[17:48:30][0m [0;32m[OK][0m  Defconfig generated
[0;36m[17:48:30][0m [0;35m[PROGRESS][0m  Compiling kernel with 8 threads...
make: Entering directory '/home/ubuntu/workspace/kernel'
make[1]: Entering directory '/home/ubuntu/workspace/kernel/out'
  GEN     ./Makefile
scripts/kconfig/conf  --silentoldconfig Kconfig
  CHK     include/config/kernel.release
  GEN     ./Makefile
  CHK     include/generated/uapi/linux/version.h
../firmware/Makefile:95: target 'firmware/tsp_novatek/nt36525_a02_csot.bin.gen.S' given more than once in the same rule
  CHK     scripts/mod/devicetable-offsets.h
kperfmon_DUMMY="CONFIG_KPERFMON is off."
kperfmon_DUMMY="olog.pb.h file is missing... retrying"
cp: cannot stat '../../../frameworks/base/proto/src/olog.proto': No such file or directory
kperfmon_DUMMY=""
cp: cannot stat '../../../vendor/samsung/system/libperflog/aprotoc': No such file or directory
kperfmon_DUMMY=""
cp: cannot stat '../../../system/logging/libperflog/aprotoc': No such file or directory
kperfmon_DUMMY=""
cp: cannot stat '../../frameworks/base/proto/src/olog.proto': No such file or directory
kperfmon_DUMMY=""
cp: cannot stat '../../vendor/samsung/system/libperflog/aprotoc': No such file or directory
kperfmon_DUMMY=""
cp: cannot stat '../../system/logging/libperflog/aprotoc': No such file or directory
kperfmon_DUMMY=""
chmod: cannot access '../drivers/kperfmon/aprotoc': No such file or directory
kperfmon_DUMMY=""
make[3]: ../drivers/kperfmon/aprotoc: No such file or directory
kperfmon_DUMMY=""
cp: cannot stat '../drivers/kperfmon/olog.pb.h': No such file or directory
kperfmon_DUMMY=""
kperfmon_DUMMY="olog.pb.h file is missing... again"
cp: cannot stat '../../../system/core/liblog/include/log/perflog.h': No such file or directory
kperfmon_DUMMY=""
cp: cannot stat '../../../system/logging/liblog/include/log/perflog.h': No such file or directory
kperfmon_DUMMY=""
cp: cannot stat '../../system/core/liblog/include/log/perflog.h': No such file or directory
kperfmon_DUMMY=""
cp: cannot stat '../../system/logging/liblog/include/log/perflog.h': No such file or directory
kperfmon_DUMMY=""
kperfmon_DUMMY="perflog.h file is missing."
..
..
FDVT: Drv use 5.1 folder
..
..
..
..
..
-- SukiSU-Ultra version: 40856 [v4.1.3-b1d534bc@builtin]
../drivers/misc/mediatek/ccu/src/Makefile:29: CCU_MAKE_FILE_CALLED
-- KERNEL_VERSION: 4.14
-- KERNEL_TYPE: Non-GKI
-- SukiSU-Ultra: using SUSFS_INLINE_HOOK
-- KPM is enabled
$CONFIG_MTK_COMBO_CHIP is ["CONSYS_6853"]
MTK_PLATFORM_ID is [6853]
WIFI_IP_SET is 3
FM_CHIP_ID is [6853]
CFG_FM_CHIP_ID is [6853]
CFG_FM_CHIP is []
CFG_BUILD_CONNAC2 is [false]
-- SukiSU-Ultra/compat: modern static_key_interface found

-- SUSFS_VERSION: v1.5.5
../drivers/misc/mediatek/connectivity/bt/Makefile:30: yumin: bt 1
../drivers/misc/mediatek/connectivity/bt/Makefile:35: yumin: bt 2
os option: linux
$MTK_PLATFORM is [mt6853]
$WLAN_CHIP_ID is [6853]
../drivers/misc/mediatek/connectivity/wlan_drv_gen4m/Makefile:436: wlan_6853_axi build-in boot.img
../drivers/misc/mediatek/connectivity/wmt_chrdev_wifi/Makefile:53: wmt_chrdev_wifi build-in boot.img
../drivers/misc/mediatek/connectivity/wmt_drv/Makefile:46: yumin: common 1
../drivers/misc/mediatek/connectivity/wmt_drv/Makefile:48: yumin: common 2
../drivers/misc/mediatek/connectivity/wmt_drv/Makefile:113: wmt_drv build-in boot.img
*MTK_GPU_VERSION 2 = valhall
*MTK_GPU_VERSION 3 = r32p1
************  drivers/trusty/mtee-kree mk ************
MTK_GPU_VERSION 1 = mali
imgsensor drv by common ../common/v1_1/s5kgm2_mipi_raw/ ../common/v1_1/s5k3l6_mipi_raw/ ../common/v1_1/sr846d_mipi_raw/ ../common/v1_1/gc5035_mipi_raw/ ../common/v1_1/gc02m1b_mipi_mono/
imgsensor drv by platform 
imgsensor subdir-ccflags-y = -I../drivers/misc/mediatek/imgsensor/src/common/v1_1 -I../drivers/misc/mediatek/imgsensor/src/inc -I../drivers/misc/mediatek/imgsensor/src/common/sysfs -I../drivers/misc/mediatek/imgsensor/src/common/adaptive_mipi -I../drivers/misc/mediatek/mmdvfs -I../drivers/i2c/busses/ -I../drivers/misc/mediatek/imgsensor/src/mt6853/camera_project/aat_v32x/camera_hw -DSENSOR_PARALLEISM -I../drivers/misc/mediatek/imgsensor/src/mt6853/seninf/
*MTK_GPU_VERSION 2 = valhall
camera project of sysfs: aat_v32x
*MTK_GPU_VERSION 3 = r32p1
use gc02m1_mipi_raw device driver
mali MTK evironment, building r32p1 DDK
mtk-Kbuild CONFIG_MALI_PLATFORM_THIRDPARTY := y
mtk-Kbuild CONFIG_MALI_PLATFORM_THIRDPARTY_NAME := "mt6853"
*GPU defined GPU BM QoS 2.0
mali MTK evironment, building r32p1 DDK
mtk-Kbuild CONFIG_MALI_PLATFORM_THIRDPARTY := y
mtk-Kbuild CONFIG_MALI_PLATFORM_THIRDPARTY_NAME := "mt6853"
*GPU defined GPU BM QoS 2.0
mali MTK evironment, building r32p1 DDK
mtk-Kbuild CONFIG_MALI_PLATFORM_THIRDPARTY := y
mtk-Kbuild CONFIG_MALI_PLATFORM_THIRDPARTY_NAME := "mt6853"
*GPU defined GPU BM QoS 2.0
TCORE_UT_TESTS_SUPPORT = n
TCORE_PROFILING_SUPPORT = n
TCORE_PROFILING_AUTO_DUMP = n
TCORE_MEMORY_LEAK_DETECTION_SUPPORT = n
  Using .. as source for kernel
  CHK     include/generated/utsrelease.h
  CHK     include/generated/timeconst.h
  CHK     include/generated/bounds.h
  CHK     include/generated/asm-offsets.h
  CALL    ../scripts/checksyscalls.sh
  CHK     include/generated/compile.h
  CC      fs/stack.o
  CC      fs/fs_struct.o
../firmware/Makefile:95: target 'firmware/tsp_novatek/nt36525_a02_csot.bin.gen.S' given more than once in the same rule
  AR      crypto/jitterentropy_rng.o
  CC      crypto/tcrypt_procfs.o
  AS      arch/arm64/lib/bitops.o
  CC      net/8021q/vlanproc.o
  AS      arch/arm64/lib/clear_page.o
  AS      arch/arm64/lib/clear_user.o
  AS      arch/arm64/lib/copy_from_user.o
  CC      drivers/battery/common/sec_cisd.o
  CC      kernel/sched/fair.o
  AS      arch/arm64/lib/copy_in_user.o
  AS      arch/arm64/lib/copy_page.o
  AS      arch/arm64/lib/copy_to_user.o
  CC      arch/arm64/lib/delay.o
  CC      fs/statfs.o
  AS      arch/arm64/lib/memchr.o
  AR      net/8021q/8021q.o
  AR      net/8021q/built-in.o
  AS      arch/arm64/lib/memcmp.o
  CC      lib/random32.o
  AS      arch/arm64/lib/memcpy.o
  CC      sound/soc/soc-pcm.o
  AS      arch/arm64/lib/memmove.o
  CC      net/bridge/br.o
  AS      arch/arm64/lib/memset.o
  AS      arch/arm64/lib/strchr.o
  AS      arch/arm64/lib/strcmp.o
  AS      arch/arm64/lib/strlen.o
  AS      arch/arm64/lib/strncmp.o
  AS      arch/arm64/lib/strnlen.o
  CC      crypto/ghash-generic.o
  AS      arch/arm64/lib/strrchr.o
  CC      lib/bust_spinlocks.o
  AR      arch/arm64/lib/lib.a
  EXPORTS arch/arm64/lib/lib-ksyms.o
  AR      arch/arm64/lib/built-in.o
  CC      net/bridge/br_device.o
  CC      fs/fs_pin.o
  AR      drivers/battery/common/built-in.o
  CC      drivers/char/mem.o
  CC      lib/bitmap.o
  CC      fs/nsfs.o
  CC      crypto/zstd.o
  DTC     arch/arm64/boot/dts/mediatek/mt6853.dtb
/bin/sh: 1: ../scripts/dtc/dtc_overlay: Exec format error
See more detail error as below:
head: option requires an argument -- 'n'
Try 'head --help' for more information.
  CC      fs/susfs.o
  CC      drivers/char/random.o
  CC      crypto/asymmetric_keys/asymmetric_type.o
  CC      lib/scatterlist.o
  CC      net/bridge/br_fdb.o
  CC      sound/soc/soc-io.o
  CC      crypto/asymmetric_keys/restrict.o
  CC      fs/buffer.o
  CC      lib/iov_iter.o
  CC      crypto/asymmetric_keys/signature.o
  CC      sound/soc/soc-devres.o
  CC      crypto/asymmetric_keys/public_key.o
  CC      net/bridge/br_forward.o
  CC      sound/soc/soc-ops.o
  CC      drivers/char/misc.o
  CC      crypto/asymmetric_keys/x509_public_key.o
  CC      net/bridge/br_if.o
  CC      drivers/char/virtio_console.o
  CC      lib/bsearch.o
  CC      crypto/asymmetric_keys/pkcs7_verify.o
  CC      sound/soc/soc-compress.o
  CC      fs/block_dev.o
  CC      lib/kfifo.o
  AR      crypto/asymmetric_keys/asymmetric_keys.o
  AR      crypto/asymmetric_keys/x509_key_parser.o
  AR      crypto/asymmetric_keys/pkcs7_message.o
  AR      crypto/asymmetric_keys/built-in.o
  CC      crypto/simd.o
  CC      net/bridge/br_input.o
  CC      sound/soc/codecs/richtek_spm_cls.o
  CC      drivers/char/hw_random/core.o
  CC      lib/percpu-refcount.o
  AR      crypto/crypto_simd.o
  AR      crypto/built-in.o
  CC      sound/soc/codecs/mt6359.o
  CC      lib/percpu_ida.o
  CC      lib/rhashtable.o
  CC      drivers/char/hw_random/mt67xx-rng.o
  CC      fs/direct-io.o
  AR      drivers/char/hw_random/rng-core.o
  CC      net/bridge/br_ioctl.o
  AR      drivers/char/hw_random/built-in.o
../drivers/misc/tzdev/Makefile.include:2: "CONFIG_MTK_PLATFORM: "mt6853""
../drivers/misc/tzdev/Makefile.include:3: "CONFIG_TEEGRIS_VERSION_STRING: "4.2.0""
  CC      drivers/char/rpmb/rpmb-mtk.o
  CC      drivers/char/rpmb/core.o
  CC      lib/usercopy.o
  CC      net/bridge/br_stp.o
  CC      net/bridge/br_stp_bpdu.o
  CC      lib/string_helpers.o
  CC      fs/mpage.o
  CC      sound/soc/codecs/tas256x/os_layer/src/tas256x-codec.o
  AR      drivers/char/rpmb/rpmb.o
  AR      drivers/char/rpmb/built-in.o
  AR      drivers/char/built-in.o
  CC      drivers/clk/clk-devres.o
  CC      kernel/sched/deadline.o
  CC      lib/kstrtox.o
  CC      sound/soc/codecs/tas256x/os_layer/src/tas256x-regmap.o
  CC      net/bridge/br_stp_if.o
  CC      net/bridge/br_stp_timer.o
  CC      drivers/clk/clk-bulk.o
  CC      lib/pci_iomap.o
  CC      fs/proc_namespace.o
  CC      sound/soc/codecs/tas256x/physical_layer/src/tas256x.o
  CC      drivers/clk/clkdev.o
  CC      lib/devres.o
  CC      net/bridge/br_netlink.o
  CC      net/bridge/br_netlink_tunnel.o
  CC      kernel/sched/wait.o
  CC      fs/dlog_hook.o
  CC      sound/soc/codecs/tas256x/logical_layer/src/tas256x-logic.o
  CC      drivers/clk/clk.o
  CC      lib/crc-ccitt.o
  CC      fs/configfs/inode.o
  CC      kernel/sched/wait_bit.o
  CC      drivers/clocksource/timer-of.o
  CC      lib/crc16.o
  CC      net/bridge/br_sysfs_if.o
  CC      fs/configfs/file.o
  CC      sound/soc/codecs/tas256x/misc/tas256x-misc.o
  CC      kernel/sched/swait.o
  CC      drivers/clocksource/timer-probe.o
  CC      lib/crc32.o
  CC      fs/configfs/dir.o
  CC      drivers/clocksource/mmio.o
  CC      kernel/sched/completion.o
  CC      net/bridge/br_sysfs_br.o
  CC      drivers/clocksource/mtk_apxgpt.o
  CC      lib/libcrc32c.o
  CC      kernel/sched/idle.o
  CC      sound/soc/codecs/tas256x/algo/src/tas25xx-algo-intf.o
  CC      lib/crc8.o
  CC      drivers/clocksource/mtk_systimer.o
  CC      fs/configfs/symlink.o
  CC      drivers/clk/clk-divider.o
  CC      net/bridge/br_nf_core.o
  CC      sound/soc/codecs/tas256x/algo/src/tas25xx-calib.o
  CC      lib/xxhash.o
  CC      fs/configfs/mount.o
  CC      drivers/clocksource/arm_arch_timer.o
  CC      kernel/sched/cpupri.o
  CC      fs/configfs/item.o
  CC      drivers/clk/clk-fixed-factor.o
  CC      kernel/sched/cpudeadline.o
  CC      lib/genalloc.o
  CC      sound/soc/codecs/tas256x/algo/src/tas25xx-algo-common.o
  CC      net/bridge/br_multicast.o
  AR      fs/configfs/configfs.o
  AR      fs/configfs/built-in.o
  CC      drivers/clk/clk-fixed-rate.o
  CC      kernel/sched/topology.o
  CC      drivers/clocksource/dummy_timer.o
  CC      fs/crypto/crypto.o
  CC      sound/soc/codecs/tas256x/algo/src/tas25xx-calib-validation.o
  AR      drivers/clocksource/built-in.o
  CC      lib/fonts/fonts.o
  CC      lib/lz4/lz4_compress.o
  CC      drivers/clk/clk-gate.o
  CC      lib/fonts/font_8x16.o
  CC      fs/crypto/fname.o
  CC      sound/soc/codecs/tas256x/algo/platform/mtk/tas256x-mtk-wrapper.o
  CC      kernel/sched/stop_task.o
  AR      lib/fonts/font.o
  AR      lib/fonts/built-in.o
  CC      kernel/sched/energy.o
  CC      drivers/clk/clk-multiplier.o
  CC      lib/lz4/lz4_decompress.o
  AR      sound/soc/codecs/tas256x/snd-soc-tas256x.o
  AR      sound/soc/codecs/tas256x/built-in.o
  CC      sound/soc/codecs/mt6660.o
  CC      drivers/clk/clk-mux.o
  CC      kernel/sched/stats.o
  CC      drivers/clk/clk-composite.o
  CC      fs/crypto/hkdf.o
  CC      net/bridge/br_mdb.o
  CC      drivers/clk/clk-fractional-divider.o
  CC      kernel/sched/debug.o
  CC      kernel/trace/trace.o
  AR      lib/lz4/built-in.o
  CC      lib/lzo/lzo1x_compress.o
  CC      sound/soc/codecs/mt6660-regmap.o
  CC      fs/crypto/hooks.o
  CC      drivers/clk/clk-gpio.o
  CC      lib/lzo/lzo1x_decompress_safe.o
  AR      sound/soc/codecs/snd-soc-mt6359.o
  AR      sound/soc/codecs/snd-soc-mt6660.o
  AR      sound/soc/codecs/built-in.o
  CC [M]  net/bridge/br_netfilter_hooks.o
  CC      fs/crypto/keyring.o
  AR      lib/lzo/lzo_compress.o
  AR      lib/lzo/lzo_decompress.o
  AR      lib/lzo/built-in.o
  CC      sound/soc/mediatek/audio_dsp/mt6853/dsp-platform-mem-control.o
  CC      lib/mpi/generic_mpih-lshift.o
  CC      kernel/sched/tune.o
  CC      drivers/clk/clk-conf.o
  CC      lib/mpi/generic_mpih-mul1.o
  AR      sound/soc/mediatek/audio_dsp/mt6853/built-in.o
  CC      sound/soc/mediatek/audio_dsp/audio_buf.o
  CC      lib/mpi/generic_mpih-mul2.o
  CC      drivers/clk/clk-xgene.o
  CC      fs/crypto/keysetup.o
  CC [M]  net/bridge/br_netfilter_ipv6.o
  CC      lib/mpi/generic_mpih-mul3.o
  CC      kernel/sched/cpuacct.o
  CC      sound/soc/mediatek/audio_dsp/mtk-dsp-dai.o
  CC      drivers/clk/mediatek/clk-fixup-div.o
  CC      lib/mpi/generic_mpih-rshift.o
  AR      net/bridge/bridge.o
  LD [M]  net/bridge/br_netfilter.o
  AR      net/bridge/built-in.o
  CC      kernel/sched/cpufreq.o
  CC      drivers/clk/mediatek/clk-mtk.o
  CC      fs/crypto/keysetup_v1.o
  CC      sound/soc/mediatek/audio_dsp/mtk-dsp-pcm.o
  CC      net/core/sock.o
  CC      lib/mpi/generic_mpih-sub1.o
  CC      lib/mpi/generic_mpih-add1.o
  CC      drivers/clk/mediatek/clk-pll.o
  CC      sound/soc/mediatek/audio_dsp/mtk-dsp-common.o
  CC      kernel/sched/cpufreq_schedutil.o
  CC      fs/crypto/policy.o
  CC      lib/mpi/mpicoder.o
  CC      kernel/trace/trace_output.o
  CC      drivers/clk/mediatek/clk-gate.o
  CC      sound/soc/mediatek/audio_dsp/mtk-dsp-platform-driver.o
  CC      drivers/clk/mediatek/clk-apmixed.o
  CC      lib/mpi/mpi-bit.o
  CC      drivers/clk/mediatek/clk-cpumux.o
  CC      fs/crypto/bio.o
  CC      drivers/clk/mediatek/clk-mux.o
  CC      kernel/trace/trace_seq.o
  CC      kernel/sched/membarrier.o
  CC      lib/mpi/mpi-cmp.o
  CC      sound/soc/mediatek/audio_dsp/mtk-dsp-mem-control.o
  CC      drivers/clk/mediatek/clkchk.o
  CC      fs/crypto/sdp/sdp_cache.o
  CC      kernel/trace/trace_stat.o
  CC      drivers/clk/mediatek/clk-mt6853.o
  CC      lib/mpi/mpih-cmp.o
  CC      kernel/sched/psi.o
  AR      sound/soc/mediatek/audio_dsp/built-in.o
  CC      net/core/request_sock.o
  CC      sound/soc/mediatek/common/mtk-mmap-ion.o
  CC      fs/crypto/sdp/sdp_dek.o
  CC      drivers/clk/mediatek/clk-mt6853-pg.o
  CC      lib/mpi/mpih-div.o
  CC      kernel/trace/trace_printk.o
  CC      sound/soc/mediatek/common/mtk-afe-platform-driver.o
  AR      kernel/sched/built-in.o
  CC      lib/mpi/mpih-mul.o
  CC      kernel/trace/trace_sched_switch.o
  CC      net/core/skbuff.o
  CC      net/core/datagram.o
  CC      sound/soc/mediatek/common/mtk-afe-fe-dai.o
  CC      fs/crypto/sdp/sdp_ioctl.o
  CC      lib/mpi/mpi-pow.o
  CC      kernel/trace/trace_nop.o
  CC      drivers/clk/mediatek/clk-mtk-v1.o
  CC      fs/crypto/sdp/sdp_name.o
  CC      drivers/clk/mediatek/clkdbg.o
  CC      kernel/trace/blktrace.o
  CC      lib/mpi/mpiutil.o
  CC      sound/soc/mediatek/common/mtk-sram-manager.o
  CC      fs/crypto/sdp/sdp_xattr.o
  CC      net/core/stream.o
  AR      lib/mpi/mpi.o
  AR      lib/mpi/built-in.o
  CC      lib/reed_solomon/reed_solomon.o
  CC      kernel/trace/trace_events.o
  CC      fs/crypto/sdp/sdp_crypto.o
  CC      sound/soc/mediatek/common/mtk-sp-pcm-ops.o
  CC      drivers/clk/mediatek/clkdbg-mt6853.o
  CC      fs/crypto/inline_crypt.o
  AR      lib/reed_solomon/built-in.o
  CC      lib/zlib_deflate/deflate.o
  CC      sound/soc/mediatek/common/mtk-afe-debug.o
  CC      drivers/clk/mediatek/clkchk-mt6853.o
  CC      drivers/clk/mediatek/clk-bringup.o
  CC      net/core/scm.o
  CC      lib/zlib_deflate/deflate_syms.o
  CC      drivers/clk/mediatek/clk-fmeter-mt6853.o
  CC      drivers/clk/mediatek/clk-mt6853-apu0.o
  CC      sound/soc/mediatek/common/mtk-sp-spk-amp.o
  CC      kernel/trace/trace_export.o
  CC      drivers/clk/mediatek/clk-mt6853-apu1.o
  AR      fs/crypto/fscrypto.o
  AR      fs/crypto/built-in.o
  AR      lib/zlib_deflate/zlib_deflate.o
  AR      lib/zlib_deflate/built-in.o
  CC      fs/devpts/inode.o
  CC      lib/zlib_inflate/inflate_syms.o
  CC      kernel/trace/trace_event_perf.o
  AR      lib/zlib_inflate/zlib_inflate.o
  AR      lib/zlib_inflate/built-in.o
  CC      drivers/clk/mediatek/clk-mt6853-apuv.o
  CC      lib/zstd/compress.o
  CC      sound/soc/mediatek/common/mtk-usip.o
  CC      drivers/connector/cn_queue.o
  AR      fs/devpts/devpts.o
  AR      fs/devpts/built-in.o
  CC      net/core/gen_stats.o
  CC      fs/erofs/super.o
  CC      drivers/clk/mediatek/clk-mt6853-apuc.o
  CC      sound/soc/mediatek/common/mtk-btcvsd.o
  CC      drivers/clk/mediatek/clk-mt6853-audsys.o
  CC      kernel/trace/trace_events_filter.o
  CC      drivers/connector/connector.o
  CC      drivers/clk/mediatek/clk-mt6853-cam_m.o
  CC      net/core/gen_estimator.o
  CC      fs/erofs/inode.o
  CC      drivers/clk/mediatek/clk-mt6853-cam_ra.o
  AR      sound/soc/mediatek/common/snd-soc-mtk-common.o
  AR      sound/soc/mediatek/common/snd-soc-mtk-sp-common.o
  AR      sound/soc/mediatek/common/built-in.o
  CC      sound/soc/mediatek/common_int/mtk-auddrv-devtree-parser.o
  CC      fs/erofs/data.o
  CC      drivers/connector/cn_proc.o
  CC      drivers/clk/mediatek/clk-mt6853-cam_rb.o
  CC      sound/soc/mediatek/common_int/mtk-soc-offload-common.o
  CC      net/core/net_namespace.o
  CC      drivers/clk/mediatek/clk-mt6853-imgsys1.o
  CC      kernel/trace/trace_events_trigger.o
  CC      fs/erofs/namei.o
  CC      drivers/clk/mediatek/clk-mt6853-imgsys2.o
  AR      drivers/connector/cn.o
  AR      drivers/connector/built-in.o
  CC      fs/erofs/dir.o
  AR      sound/soc/mediatek/common_int/built-in.o
  CC      sound/soc/mediatek/mt6853/mt6853-afe-pcm.o
  CC      drivers/clk/mediatek/clk-mt6853-impc.o
  CC      fs/erofs/utils.o
  CC      drivers/cpufreq/cpufreq.o
  CC      drivers/clk/mediatek/clk-mt6853-impe.o
  CC      kernel/trace/bpf_trace.o
  CC      fs/erofs/xattr.o
  CC      net/core/secure_seq.o
  CC      drivers/clk/mediatek/clk-mt6853-impn.o
  CC      fs/erofs/decompressor.o
  CC      drivers/clk/mediatek/clk-mt6853-imps.o
  CC      sound/soc/mediatek/mt6853/mt6853-afe-clk.o
  CC      drivers/clk/mediatek/clk-mt6853-impw.o
  CC      fs/erofs/zmap.o
  CC      drivers/clk/mediatek/clk-mt6853-impws.o
  CC      kernel/trace/trace_kprobe.o
  CC      drivers/cpufreq/freq_table.o
  CC      net/core/flow_dissector.o
  CC      sound/soc/mediatek/mt6853/mt6853-afe-gpio.o
  CC      drivers/clk/mediatek/clk-mt6853-ipe.o
  CC      fs/erofs/zdata.o
  CC      drivers/cpufreq/cpufreq_stats.o
  CC      drivers/clk/mediatek/clk-mt6853-mdp.o
  CC      sound/soc/mediatek/mt6853/mt6853-dai-adda.o
  CC      drivers/clk/mediatek/clk-mt6853-mfgcfg.o
  CC      kernel/trace/power-traces.o
  CC      drivers/cpufreq/cpufreq_times.o
  CC      drivers/clk/mediatek/clk-mt6853-mm.o
  CC      sound/soc/mediatek/mt6853/mt6853-afe-control.o
  CC      drivers/clk/mediatek/clk-mt6853-scp_par.o
  AR      fs/erofs/erofs.o
  AR      fs/erofs/built-in.o
  CC      net/core/sysctl_net_core.o
  CC      fs/exportfs/expfs.o
  CC      drivers/cpufreq/cpufreq_limit.o
  CC      drivers/clk/mediatek/clk-mt6853-vdec.o
  CC      sound/soc/mediatek/mt6853/mt6853-dai-i2s.o
  CC      drivers/cpufreq/cpufreq_performance.o
  AR      fs/exportfs/exportfs.o
  AR      fs/exportfs/built-in.o
  CC      kernel/trace/rpm-traces.o
  CC      drivers/clk/mediatek/clk-mt6853-venc.o
  CC      fs/ext4/balloc.o
  CC      drivers/cpufreq/cpufreq_powersave.o
  CC      net/core/dev.o
  CC      drivers/cpufreq/cpufreq_userspace.o
  AR      drivers/clk/mediatek/built-in.o
  CC      sound/soc/mediatek/mt6853/mt6853-dai-hw-gain.o
  AR      drivers/clk/built-in.o
  CC      drivers/cpufreq/cpufreq_ondemand.o
  CC      net/core/ethtool.o
  CC      kernel/trace/trace_probe.o
  CC      sound/soc/mediatek/mt6853/mt6853-dai-src.o
  CC      drivers/cpufreq/cpufreq_conservative.o
  CC      fs/ext4/bitmap.o
  CC      kernel/trace/trace_uprobe.o
  CC      drivers/cpufreq/cpufreq_interactive.o
  CC      sound/soc/mediatek/mt6853/mt6853-dai-pcm.o
  CC      fs/ext4/block_validity.o
  CC      lib/zstd/decompress.o
  CC      sound/soc/mediatek/mt6853/mt6853-dai-tdm.o
  CC      sound/soc/mediatek/mt6853/mt6853-dai-hostless.o
  CC      drivers/cpufreq/cpufreq_governor.o
  CC      kernel/trace/mtk_trace.o
  CC      fs/ext4/dir.o
  CC      fs/ext4/ext4_jbd2.o
  AR      kernel/trace/built-in.o
  CC      kernel/futex.o
  CC      sound/soc/mediatek/mt6853/mt6853-misc-control.o
  CC      drivers/cpufreq/cpufreq_governor_attr_set.o
  CC      fs/f2fs/dir.o
  AR      lib/zstd/zstd_compress.o
  AR      lib/zstd/zstd_decompress.o
  AR      lib/zstd/built-in.o
  CC      lib/textsearch.o
  CC      fs/ext4/extents.o
  CC      lib/ts_kmp.o
  AR      drivers/cpufreq/built-in.o
  CC      drivers/cpuidle/cpuidle.o
  CC      lib/ts_bm.o
  CC      kernel/smp.o
  CC      lib/ts_fsm.o
  CC      lib/percpu_counter.o
  CC      drivers/cpuidle/driver.o
  CC      fs/f2fs/file.o
  CC      kernel/uid16.o
  CC      net/core/dev_addr_lists.o
  CC      lib/audit.o
  CC      drivers/cpuidle/sysfs.o
  CC      kernel/module.o
  CC      lib/swiotlb.o
  CC      sound/soc/mediatek/mt6853/mt6853-mt6359.o
  CC      drivers/cpuidle/governors/menu.o
  CC      net/core/dst.o
  CC      fs/ext4/extents_status.o
  AR      sound/soc/mediatek/mt6853/snd-soc-mt6853-afe.o
  AR      sound/soc/mediatek/mt6853/built-in.o
  AR      sound/soc/mediatek/built-in.o
  CC      drivers/cpuidle/governors/mtk_menu.o
  CC      sound/soc/samsung/sec_audio_sysfs.o
  CC      lib/iommu-common.o
  AR      sound/soc/samsung/snd-soc-sec-audio.o
  AR      sound/soc/samsung/built-in.o
  AR      drivers/cpuidle/governors/built-in.o
  CC      drivers/cpuidle/dt_idle_states.o
  CC      lib/fault-inject.o
  AR      sound/soc/snd-soc-core.o
  CC      fs/f2fs/inode.o
  AR      sound/soc/built-in.o
  CC      net/core/netevent.o
  CC      sound/usb/card.o
  CC      drivers/cpuidle/cpuidle-mediatek.o
  CC      fs/ext4/file.o
  CC      lib/syscall.o
  AR      drivers/cpuidle/built-in.o
  CC      drivers/dax/super.o
  CC      lib/dynamic_debug.o
  CC      net/core/neighbour.o
  CC      sound/usb/clock.o
  CC      kernel/kallsyms.o
  CC      fs/ext4/fsmap.o
  CC      fs/f2fs/namei.o
  AR      drivers/dax/dax.o
  AR      drivers/dax/built-in.o
  CC      drivers/devfreq/devfreq.o
  CC      sound/usb/endpoint.o
  CC      lib/nlattr.o
  CC      drivers/devfreq/governor_simpleondemand.o
  CC      kernel/compat.o
  CC      sound/usb/format.o
  CC      fs/ext4/fsync.o
  CC      drivers/devfreq/helio-dvfsrc-v3/helio-dvfsrc-qos.o
  CC      lib/checksum.o
  CC      fs/f2fs/hash.o
  CC      sound/usb/helper.o
  CC      lib/cpu_rmap.o
  CC      drivers/devfreq/helio-dvfsrc-v3/helio-dvfsrc-sysfs.o
  CC      fs/ext4/hash.o
  CC      sound/usb/mixer.o
  CC      fs/f2fs/super.o
  CC      kernel/utsname.o
  CC      net/core/rtnetlink.o
  CC      drivers/devfreq/helio-dvfsrc-v3/helio-dvfsrc-opp.o
  CC      lib/glob.o
  CC      kernel/user_namespace.o
  CC      fs/ext4/ialloc.o
  CC      drivers/devfreq/helio-dvfsrc-v3/helio-dvfsrc-opp-mt6853.o
  CC      lib/strncpy_from_user.o
  CC      drivers/devfreq/helio-dvfsrc-v3/helio-dvfsrc-mt6853.o
  CC      lib/strnlen_user.o
  CC      kernel/pid_namespace.o
  CC      sound/usb/mixer_quirks.o
  CC      lib/net_utils.o
  GZIP    kernel/config_data.gz
  CC      fs/ext4/indirect.o
  CHK     kernel/kheaders_data.tar.xz
  CC      drivers/devfreq/helio-dvfsrc-v3/helio-dvfsrc-ip-v2.o
  CC      sound/usb/mixer_scarlett.o
  CC      lib/sg_pool.o
  GEN     kernel/kheaders_data.tar.xz
  CC      lib/asn1_decoder.o
  CC      sound/usb/mixer_us16x08.o
  CC      net/core/utils.o
  CC      fs/ext4/inline.o
  AR      drivers/devfreq/helio-dvfsrc-v3/built-in.o
  AR      drivers/devfreq/built-in.o
  CC      drivers/dma/dmaengine.o
  CC      lib/oid_registry.o
  CC      fs/f2fs/inline.o
  CC      sound/usb/pcm.o
  CC      lib/sbitmap.o
  CC      fs/ext4/inode.o
  CC      drivers/dma/virt-dma.o
  CC      net/core/link_watch.o
  CC      lib/bug.o
  CC      drivers/dma/of-dma.o
  CC      sound/usb/proc.o
  CC      lib/chacha.o
  CC      lib/decompress_inflate.o
  CC      sound/usb/quirks.o
  CC      net/core/filter.o
  CC      drivers/dma/8250_mtk_dma.o
  CC      fs/f2fs/checkpoint.o
  CC      lib/decompress_unlz4.o
  CC      lib/dump_stack.o
  CC      sound/usb/stream.o
  CC      lib/extable.o
  AR      drivers/dma/built-in.o
  CC      drivers/dma-buf/dma-buf.o
  CC      lib/ioremap.o
  CC      sound/usb/midi.o
  CC      lib/is_single_threaded.o
  CC      lib/klist.o
  CC      drivers/dma-buf/dma-fence.o
  CC      fs/ext4/ioctl.o
  CC      fs/f2fs/gc.o
  CC      net/core/sock_diag.o
  CC      lib/kobject.o
  AR      sound/usb/snd-usb-audio.o
  AR      sound/usb/snd-usbmidi-lib.o
  AR      sound/usb/built-in.o
  CC      sound/last.o
  CC      lib/kobject_uevent.o
  CC      drivers/dma-buf/dma-fence-array.o
  AR      sound/built-in.o
  CC      drivers/dma-buf/reservation.o
  CC      fs/ext4/mballoc.o
  CC      net/core/dev_ioctl.o
  CC      drivers/dma-buf/seqno-fence.o
  CC      drivers/dma-buf/sync_file.o
  CC      lib/nmi_backtrace.o
  CC      fs/f2fs/data.o
  CC      fs/f2fs/node.o
  CC      lib/nodemask.o
  CC      net/core/tso.o
  CC      lib/radix-tree.o
  AR      drivers/dma-buf/built-in.o
  CC      drivers/extcon/extcon.o
  CC      net/core/sock_reuseport.o
  CC      drivers/extcon/devres.o
  CC      lib/ratelimit.o
  CC      lib/seq_buf.o
  CC      fs/ext4/migrate.o
  CC      drivers/extcon/mediatek/extcon_usb.o
  CC      lib/show_mem.o
  CC      net/core/fib_notifier.o
  CC      lib/siphash.o
  CC      fs/ext4/mmp.o
  CC      drivers/extcon/mediatek/boost_manager.o
  CC      drivers/extcon/mediatek/usb-tcpc.o
  CC      fs/ext4/move_extent.o
  CC      fs/f2fs/segment.o
  CC      net/core/net-sysfs.o
  CC      lib/string.o
  AR      drivers/extcon/mediatek/built-in.o
  AR      drivers/extcon/extcon-core.o
  AR      drivers/extcon/built-in.o
  CC      drivers/fingerprint/fingerprint_common.o
  CC      drivers/fingerprint/fingerprint_common_mtk.o
  CC      fs/ext4/namei.o
  CC      lib/vsprintf.o
  CC      drivers/fingerprint/et5xx-spi.o
  CC      lib/win_minmax.o
  CC      fs/fat/cache.o
  CC      drivers/fingerprint/et5xx-spi_data_transfer.o
  CC      net/core/net-procfs.o
  CC      fs/fat/dir.o
  CC      drivers/fingerprint/fingerprint_sysfs.o
  CC      net/core/fib_rules.o
  AR      lib/lib.a
  EXPORTS lib/lib-ksyms.o
  AR      lib/built-in.o
  CC      fs/fat/fatent.o
  AR      drivers/fingerprint/fingerprint.o
  AR      drivers/fingerprint/built-in.o
  CC      drivers/firmware/psci.o
  CC      fs/ext4/page-io.o
  CC      fs/fat/file.o
  CC      fs/ext4/readpage.o
  AR      drivers/firmware/built-in.o
  CC      drivers/gpio/devres.o
  CC      fs/f2fs/recovery.o
  CC      fs/f2fs/shrinker.o
  CC      net/core/net-traces.o
  CC      fs/fat/inode.o
  CC      fs/ext4/resize.o
  CC      drivers/gpio/gpiolib.o
  CC      fs/f2fs/extent_cache.o
  CC      fs/fat/misc.o
  CC      drivers/gpio/gpiolib-legacy.o
  CC      fs/f2fs/sysfs.o
  CC      fs/ext4/super.o
  CC      net/core/dst_cache.o
  CC      fs/fat/nfs.o
  CC      fs/f2fs/debug.o
  CC      drivers/gpio/gpiolib-devprop.o
  CC      fs/fat/namei_vfat.o
  CC      fs/fat/namei_msdos.o
  CC      fs/f2fs/xattr.o
  CC      drivers/gpio/gpiolib-of.o
  CC      net/core/gro_cells.o
  CC      fs/ext4/symlink.o
  AR      fs/fat/fat.o
  AR      fs/fat/vfat.o
  AR      fs/fat/msdos.o
  AR      fs/fat/built-in.o
  CC      fs/ext4/sysfs.o
  AR      drivers/gpio/built-in.o
  CC      net/ethernet/eth.o
  AR      net/core/built-in.o
  CC      fs/f2fs/acl.o
  CC      drivers/gpu/drm/drm_crtc_helper.o
  CC      net/ipv4/route.o
  CC      drivers/hid/hid-core.o
  CC      fs/f2fs/verity.o
  CC      drivers/gpu/drm/drm_dp_helper.o
  AR      net/ethernet/built-in.o
  CC      kernel/stop_machine.o
  CC      drivers/hid/hid-input.o
  CC      fs/f2fs/compress.o
  CC      drivers/hwmon/hwmon.o
  CC      net/ipv4/inetpeer.o
  CC      drivers/gpu/drm/drm_probe_helper.o
  CC      fs/ext4/xattr.o
  AR      drivers/hwmon/built-in.o
  CC      drivers/hwmon/sec_thermistor/sec_thermistor.o
  AR      fs/f2fs/f2fs.o
  AR      fs/f2fs/built-in.o
  CC      drivers/hid/hidraw.o
  CC      drivers/gpu/drm/drm_plane_helper.o
  CC      net/ipv4/protocol.o
  CC      kernel/audit.o
  AR      drivers/hwmon/sec_thermistor/built-in.o
  CC      drivers/hid/uhid.o
  CC      drivers/gpu/drm/drm_dp_mst_topology.o
  CC      fs/fuse/dev.o
  CC      fs/incfs/data_mgmt.o
  CC      net/ipv4/ip_input.o
  CC      drivers/hid/hid-generic.o
  CC      fs/ext4/xattr_trusted.o
  CC      fs/incfs/format.o
  CC      drivers/hid/hid-a4tech.o
  CC      kernel/auditfilter.o
  CC      fs/ext4/xattr_user.o
  CC      net/ipv4/ip_fragment.o
  CC      drivers/gpu/drm/drm_atomic_helper.o
  CC      fs/incfs/integrity.o
  CC      fs/ext4/acl.o
  CC      drivers/hid/hid-axff.o
  CC      fs/incfs/main.o
  CC      kernel/auditsc.o
  CC      fs/incfs/pseudo_files.o
  CC      drivers/hid/hid-apple.o
  CC      fs/fuse/dir.o
  CC      fs/ext4/xattr_security.o
  CC      net/ipv4/ip_forward.o
  CC      drivers/hid/hid-belkin.o
  CC      fs/ext4/verity.o
  CC      drivers/hid/hid-cherry.o
  CC      fs/incfs/sysfs.o
  CC      drivers/gpu/drm/drm_kms_helper_common.o
  AR      fs/ext4/ext4.o
  AR      fs/ext4/built-in.o
  CC      drivers/gpu/drm/drm_dp_dual_mode_helper.o
  CC      fs/incfs/vfs.o
  CC      drivers/hid/hid-chicony.o
  CC      fs/fuse/file.o
  CC      net/ipv4/ip_options.o
  CC      kernel/audit_watch.o
  CC      fs/incfs/verity.o
  CC      drivers/hid/hid-cypress.o
  CC      drivers/gpu/drm/drm_simple_kms_helper.o
  CC      drivers/hid/hid-dr.o
  AR      fs/incfs/incrementalfs.o
  AR      fs/incfs/built-in.o
  CC      drivers/hid/hid-emsff.o
  CC      kernel/audit_fsnotify.o
  CC      kernel/audit_tree.o
  CC      fs/fuse/inode.o
  CC      fs/fuse/control.o
  CC      drivers/hid/hid-elecom.o
  CC      drivers/gpu/drm/drm_modeset_helper.o
  CC      drivers/hid/hid-ezkey.o
  CC      net/ipv4/ip_output.o
  CC      kernel/kprobes.o
  CC      fs/isofs/namei.o
  CC      fs/isofs/inode.o
  CC      drivers/gpu/drm/drm_scdc_helper.o
  CC      drivers/hid/hid-gyration.o
  CC      fs/fuse/xattr.o
  CC      fs/isofs/dir.o
  CC      drivers/hid/hid-holtek-kbd.o
  CC      fs/fuse/acl.o
  CC      fs/fuse/passthrough.o
  CC      drivers/gpu/drm/drm_gem_framebuffer_helper.o
  CC      fs/isofs/util.o
  CC      kernel/seccomp.o
  CC      drivers/hid/hid-holtek-mouse.o
  CC      drivers/i2c/i2c-boardinfo.o
  AR      fs/fuse/fuse.o
  AR      fs/fuse/built-in.o
  CC      drivers/i2c/i2c-core-base.o
  CC      fs/isofs/rock.o
  CC      drivers/hid/hid-holtekff.o
  CC      net/ipv4/ip_sockglue.o
  CC      drivers/gpu/drm/bridge/panel.o
  CC      drivers/hid/hid-kensington.o
  CC      fs/isofs/export.o
  CC      drivers/hid/hid-keytouch.o
  CC      kernel/utsname_sysctl.o
  CC      drivers/hid/hid-kye.o
  CC      fs/isofs/joliet.o
  CC      kernel/taskstats.o
  CC      drivers/hid/hid-lcpower.o
  CC      drivers/gpu/drm/drm_fb_helper.o
  CC      drivers/i2c/i2c-core-smbus.o
  CC      fs/isofs/compress.o
  CC      fs/jbd2/transaction.o
  CC      drivers/hid/hid-lg.o
  CC      kernel/tsacct.o
  AR      fs/isofs/isofs.o
  AR      fs/isofs/built-in.o
  CC      drivers/hid/hid-lgff.o
  CC      drivers/gpu/drm/drm_auth.o
  CC      kernel/tracepoint.o
  CC      net/ipv4/inet_hashtables.o
  CC      drivers/i2c/i2c-core-of.o
  CC      drivers/hid/hid-lg2ff.o
  CC      drivers/hid/hid-lg3ff.o
  CC      drivers/gpu/drm/drm_bufs.o
  CC      kernel/elfcore.o
  CC      fs/jbd2/commit.o
  CC      drivers/gpu/drm/drm_cache.o
  CC      drivers/i2c/i2c-mux.o
  CC      kernel/irq_work.o
  CC      drivers/hid/hid-lg4ff.o
  CC      fs/kernfs/mount.o
  CC      kernel/cpu_pm.o
  CC      net/ipv4/inet_timewait_sock.o
  CC      drivers/i2c/algos/i2c-algo-bit.o
  CC      fs/jbd2/recovery.o
  CC      drivers/hid/hid-logitech-dj.o
  CC      fs/kernfs/inode.o
  CC      drivers/gpu/drm/drm_context.o
  AR      drivers/i2c/algos/built-in.o
  CC      kernel/memremap.o
  CC      drivers/i2c/busses/i2c-mtk.o
  CC      fs/jbd2/checkpoint.o
  CC      fs/kernfs/dir.o
  CC      drivers/hid/hid-logitech-hidpp.o
  CC      drivers/gpu/drm/drm_dma.o
  CC      net/ipv4/inet_connection_sock.o
  CHK     kernel/config_data.h
  UPD     kernel/config_data.h
  CC      kernel/kheaders.o
  CC      kernel/configs.o
  CC      fs/jbd2/revoke.o
  CC      drivers/gpu/drm/drm_file.o
  CC      fs/kernfs/file.o
  AR      kernel/built-in.o
  CC      drivers/i2c/busses/i2c-mtk_debug.o
  CC      drivers/hid/hid-magicmouse.o
  CC      fs/jbd2/journal.o
  CC      net/ipv6/af_inet6.o
  CC      fs/kernfs/symlink.o
  CC      net/ipv4/tcp.o
  CC      drivers/gpu/drm/drm_gem.o
  CC      drivers/hid/hid-microsoft.o
  AR      drivers/i2c/busses/built-in.o
  AR      drivers/i2c/i2c-core.o
  AR      drivers/i2c/built-in.o
  AR      fs/kernfs/built-in.o
  CC      net/ipv4/tcp_input.o
  CC      net/ipv4/tcp_output.o
  CC      drivers/hid/hid-monterey.o
  CC      net/ipv6/anycast.o
  CC      drivers/hid/hid-multitouch.o
  CC      drivers/gpu/drm/drm_ioctl.o
  AR      fs/jbd2/jbd2.o
  AR      fs/jbd2/built-in.o
  CC      fs/nls/nls_base.o
  CC      drivers/hid/hid-nintendo.o
  CC      net/ipv6/ip6_output.o
  CC      fs/nls/nls_cp437.o
  CC      drivers/gpu/drm/drm_irq.o
  CC      drivers/hid/hid-ntrig.o
  CC      fs/nls/nls_cp950.o
  CC      fs/notify/fsnotify.o
  CC      fs/nls/nls_ascii.o
  CC      drivers/hid/hid-ortek.o
  CC      fs/nls/nls_iso8859-1.o
  CC      drivers/gpu/drm/drm_lock.o
  CC      drivers/gpu/drm/drm_memory.o
  CC      fs/nls/nls_utf8.o
  CC      drivers/hid/hid-prodikeys.o
  CC      fs/notify/notification.o
  AR      fs/nls/built-in.o
  CC      drivers/hid/hid-pl.o
  CC      net/ipv6/ip6_input.o
  CC      drivers/gpu/drm/drm_drv.o
  CC      net/ipv4/tcp_timer.o
  CC      drivers/hid/hid-petalynx.o
  CC      net/ipv6/addrconf.o
  CC      fs/notify/group.o
  CC      drivers/gpu/drm/drm_scatter.o
  CC      drivers/hid/hid-picolcd_core.o
  CC      fs/notify/mark.o
  CC      fs/notify/fdinfo.o
  CC      drivers/gpu/drm/drm_pci.o
  CC      net/ipv6/addrlabel.o
  CC      fs/notify/dnotify/dnotify.o
  CC      drivers/iio/industrialio-core.o
  CC      drivers/hid/hid-plantronics.o
  CC      net/ipv4/tcp_ipv4.o
  AR      fs/notify/dnotify/built-in.o
  CC      fs/notify/inotify/inotify_fsnotify.o
  CC      drivers/hid/hid-primax.o
  CC      drivers/gpu/drm/drm_sysfs.o
  CC      fs/notify/inotify/inotify_user.o
  CC      drivers/input/input.o
  CC      drivers/hid/hid-roccat.o
  CC      drivers/iio/industrialio-event.o
  AR      fs/notify/inotify/built-in.o
  AR      fs/notify/built-in.o
  CC      fs/ntfs/aops.o
  CC      drivers/gpu/drm/drm_hashtab.o
  CC      drivers/iio/inkern.o
  CC      drivers/hid/hid-roccat-common.o
  CC      net/ipv4/tcp_minisocks.o
  CC      fs/ntfs/attrib.o
  CC      net/ipv6/route.o
  CC      drivers/gpu/drm/drm_mm.o
  CC      drivers/input/input-compat.o
  CC      drivers/hid/hid-roccat-arvo.o
  CC      drivers/iio/industrialio-buffer.o
  CC      fs/ntfs/collate.o
  CC      drivers/hid/hid-roccat-isku.o
  CC      drivers/input/input-mt.o
  CC      drivers/gpu/drm/drm_crtc.o
  CC      fs/ntfs/compress.o
  CC      net/ipv4/tcp_cong.o
  CC      drivers/input/ff-core.o
  CC      drivers/hid/hid-roccat-kone.o
  CC      drivers/iio/adc/mt6577_auxadc.o
  CC      drivers/iio/adc/mt635x-auxadc.o
  CC      fs/ntfs/debug.o
  CC      drivers/gpu/drm/drm_fourcc.o
  CC      drivers/hid/hid-roccat-koneplus.o
  CC      drivers/input/sec_cmd.o
  AR      drivers/iio/adc/built-in.o
  CC      drivers/iio/buffer/kfifo_buf.o
  CC      fs/ntfs/dir.o
  CC      net/ipv6/ip6_fib.o
  CC      net/ipv4/tcp_metrics.o
  CC      drivers/hid/hid-roccat-konepure.o
  CC      drivers/input/sec_tsp_log.o
  CC      drivers/gpu/drm/drm_modes.o
  AR      drivers/iio/buffer/built-in.o
  CC      fs/ntfs/file.o
  CC      drivers/hid/hid-roccat-kovaplus.o
  AR      drivers/iio/industrialio.o
  AR      drivers/iio/built-in.o
  CC      fs/ntfs/index.o
  CC      drivers/input/ff-memless.o
  CC      drivers/gpu/drm/drm_edid.o
  CC      net/ipv4/tcp_fastopen.o
  CC      drivers/hid/hid-roccat-lua.o
  CC      net/ipv6/ipv6_sockglue.o
  CC      net/ipv6/ndisc.o
  CC      fs/ntfs/inode.o
  CC      drivers/hid/hid-roccat-pyra.o
  CC      drivers/input/input-leds.o
  CC      fs/ntfs/mft.o
  CC      drivers/hid/hid-roccat-ryos.o
  CC      drivers/input/evdev.o
  CC      net/ipv4/tcp_rate.o
  CC      net/ipv4/tcp_recovery.o
  CC      fs/ntfs/mst.o
  CC      drivers/hid/hid-roccat-savu.o
  CC      net/ipv6/udp.o
  CC      fs/ntfs/namei.o
  CC      drivers/hid/hid-saitek.o
  CC      net/ipv4/tcp_ulp.o
  CC      drivers/hid/hid-samsung.o
  CC      fs/ntfs/runlist.o
  CC      net/ipv4/tcp_offload.o
  CC      drivers/input/joystick/xpad.o
  CC      drivers/gpu/drm/drm_info.o
  CC      fs/ntfs/super.o
  CC      drivers/hid/hid-sjoy.o
  CC      drivers/gpu/drm/drm_encoder_slave.o
  AR      drivers/input/joystick/built-in.o
  CC      drivers/input/keyboard/mediatek/kpd.o
  CC      drivers/input/input_boost/evdev_booster.o
  CC      drivers/hid/hid-sony.o
  CC      net/ipv6/udplite.o
  CC      net/ipv4/datagram.o
  CC      drivers/input/keyboard/mediatek/mt6853/hal_kpd.o
  CC      fs/ntfs/sysctl.o
  CC      drivers/gpu/drm/drm_trace_points.o
  CC      drivers/input/input_boost/input_booster.o
  CC      fs/ntfs/unistr.o
  AR      drivers/input/keyboard/mediatek/mt6853/built-in.o
  AR      drivers/input/keyboard/mediatek/built-in.o
  AR      drivers/input/keyboard/built-in.o
  CC      drivers/input/misc/uinput.o
  CC      net/ipv6/raw.o
  CC      drivers/hid/hid-speedlink.o
  CC      drivers/gpu/drm/drm_global.o
  CC      fs/ntfs/upcase.o
  CC      net/ipv4/raw.o
  CC      drivers/input/input_boost/input_booster_mtk.o
  CC      drivers/hid/hid-sunplus.o
  AR      drivers/input/misc/built-in.o
  AR      fs/ntfs/ntfs.o
  AR      fs/ntfs/built-in.o
  CC      drivers/input/tablet/acecad.o
  CC      drivers/gpu/drm/drm_prime.o
  CC      fs/overlayfs/super.o
  CC      drivers/hid/hid-gaff.o
  AR      drivers/input/input_boost/input_booster_lkm.o
  AR      drivers/input/input_boost/built-in.o
  CC      drivers/hid/hid-tmff.o
  CC      drivers/input/tablet/aiptek.o
  CC      fs/overlayfs/namei.o
  CC      fs/overlayfs/util.o
  CC      drivers/hid/hid-tivo.o
  CC      drivers/gpu/drm/drm_rect.o
  CC      net/ipv6/icmp.o
  CC      net/ipv4/udp.o
  CC      drivers/hid/hid-topseed.o
  CC      drivers/input/tablet/gtco.o
  CC      drivers/hid/hid-twinhan.o
  CC      fs/overlayfs/inode.o
  CC      drivers/gpu/drm/drm_vma_manager.o
  CC      drivers/input/misc/hall/hall_ic.o
  CC      fs/overlayfs/dir.o
  CC      drivers/hid/hid-uclogic.o
  CC      drivers/input/tablet/hanwang.o
  CC      drivers/hid/hid-zpff.o
  CC      fs/overlayfs/readdir.o
  CC      drivers/gpu/drm/drm_flip_work.o
  AR      drivers/input/misc/hall/built-in.o
  CC      drivers/input/tablet/kbtab.o
  CC      drivers/input/serio/serio.o
  CC      net/ipv6/mcast.o
  CC      drivers/hid/hid-zydacron.o
  AR      drivers/input/tablet/built-in.o
  CC      drivers/input/touchscreen/of_touchscreen.o
  CC      fs/overlayfs/copy_up.o
  CC      drivers/gpu/drm/drm_modeset_lock.o
  CC      drivers/hid/wacom_wac.o
  CC      drivers/input/serio/serport.o
  CC      net/ipv4/udplite.o
  AR      fs/overlayfs/overlay.o
  AR      fs/overlayfs/built-in.o
  CC      drivers/input/touchscreen/ili9881x/ili9881x.o
  AR      drivers/input/serio/built-in.o
  CC      drivers/iommu/iommu.o
  CC      fs/proc/task_mmu.o
  CC      drivers/gpu/drm/drm_atomic.o
../fs/proc/task_mmu.c:387:33: error: use of undeclared identifier 'INODE_STATE_SUS_KSTAT'
                if (unlikely(inode->i_state & INODE_STATE_SUS_KSTAT)) {
                                              ^
1 error generated.
make[3]: *** [../scripts/Makefile.build:356: fs/proc/task_mmu.o] Error 1
make[2]: *** [../scripts/Makefile.build:671: fs/proc] Error 2
make[1]: *** [/home/ubuntu/workspace/kernel/Makefile:1164: fs] Error 2
make[1]: *** Waiting for unfinished jobs....
  CC      drivers/input/touchscreen/ili9881x/ili9881x_spi.o
  CC      net/ipv4/udp_offload.o
  CC      net/ipv6/reassembly.o
  CC      drivers/hid/wacom_sys.o
  CC      drivers/iommu/iommu-traces.o
  CC      drivers/iommu/iommu-sysfs.o
  CC      drivers/gpu/drm/drm_bridge.o
  CC      drivers/input/touchscreen/ili9881x/ili9881x_init.o
  CC      net/ipv6/tcp_ipv6.o
  CC      net/ipv6/ping.o
  CC      drivers/iommu/dma-iommu.o
  CC      net/ipv4/arp.o
  CC      drivers/gpu/drm/drm_framebuffer.o
  CC      drivers/hid/hid-waltop.o
  CC      drivers/input/touchscreen/ili9881x/ili9881x_ic.o
  CC      drivers/hid/hid-wiimote-core.o
  CC      drivers/hid/hid-wiimote-modules.o
  CC      net/ipv6/exthdrs.o
  CC      drivers/iommu/io-pgtable-arm-v7s.o
  CC      drivers/gpu/drm/drm_connector.o
  CC      drivers/irqchip/irqchip.o
  CC      net/ipv4/icmp.o
  CC      drivers/iommu/iova.o
  CC      drivers/hid/usbhid/hid-core.o
  CC      drivers/irqchip/irq-gic.o
  CC      drivers/input/touchscreen/ili9881x/ili9881x_touch.o
  CC      drivers/gpu/drm/drm_blend.o
  CC      net/ipv6/datagram.o
  CC      drivers/irqchip/irq-gic-common.o
  CC      drivers/iommu/of_iommu.o
  CC      drivers/hid/usbhid/hid-quirks.o
  CC      net/ipv4/devinet.o
  CC      drivers/irqchip/irq-gic-v3.o
  CC      drivers/gpu/drm/drm_encoder.o
  CC      drivers/iommu/mtk_iommu_v2.o
  CC      drivers/hid/usbhid/hiddev.o
  CC      drivers/input/touchscreen/ili9881x/ili9881x_mp.o
  CC      drivers/gpu/drm/drm_mode_object.o
  CC      net/ipv6/ip6_flowlabel.o
  CC      drivers/irqchip/irq-partition-percpu.o
  AR      drivers/irqchip/built-in.o
  AR      drivers/hid/usbhid/usbhid.o
  AR      drivers/hid/usbhid/built-in.o
  AR      drivers/hid/hid.o
  AR      drivers/hid/hid-logitech.o
  AR      drivers/hid/hid-picolcd.o
  AR      drivers/hid/wacom.o
  AR      drivers/hid/hid-wiimote.o
  AR      drivers/hid/built-in.o
  CC      net/key/af_key.o
  CC      drivers/gpu/drm/drm_property.o
  CC      net/ipv4/af_inet.o
-- SukiSU-Ultra version: 40856 [v4.1.3-b1d534bc@builtin]
-- KERNEL_VERSION: 4.14
-- KERNEL_TYPE: Non-GKI
-- SukiSU-Ultra: using SUSFS_INLINE_HOOK
-- KPM is enabled
-- SukiSU-Ultra/compat: modern static_key_interface found

-- SUSFS_VERSION: v1.5.5
  CC      drivers/kernelsu/ksu.o
  CC      net/ipv6/inet6_connection_sock.o
  CC      drivers/iommu/mtk_iommu_ext.o
  CC      drivers/gpu/drm/drm_plane.o
In file included from ../drivers/kernelsu/ksu.c:57:
../drivers/kernelsu/kpm/kpm.c:135:33: error: too few arguments provided to function-like macro invocation
        if (!access_ok(arg1, 255)) {
                                ^
../arch/arm64/include/asm/uaccess.h:110:9: note: macro 'access_ok' defined here
#define access_ok(type, addr, size)     __range_ok((unsigned long)(addr), size)
        ^
In file included from ../drivers/kernelsu/ksu.c:57:
../drivers/kernelsu/kpm/kpm.c:135:14: error: use of undeclared identifier 'access_ok'
        if (!access_ok(arg1, 255)) {
             ^
../drivers/kernelsu/kpm/kpm.c:142:37: error: too few arguments provided to function-like macro invocation
            if (!access_ok(arg2, 255)) {
                                    ^
../arch/arm64/include/asm/uaccess.h:110:9: note: macro 'access_ok' defined here
#define access_ok(type, addr, size)     __range_ok((unsigned long)(addr), size)
        ^
In file included from ../drivers/kernelsu/ksu.c:57:
../drivers/kernelsu/kpm/kpm.c:142:18: error: use of undeclared identifier 'access_ok'
            if (!access_ok(arg2, 255)) {
                 ^
../drivers/kernelsu/kpm/kpm.c:161:56: error: too few arguments provided to function-like macro invocation
        if (!access_ok(arg1, sizeof(kernel_name_buffer))) {
                                                       ^
../arch/arm64/include/asm/uaccess.h:110:9: note: macro 'access_ok' defined here
#define access_ok(type, addr, size)     __range_ok((unsigned long)(addr), size)
        ^
In file included from ../drivers/kernelsu/ksu.c:57:
../drivers/kernelsu/kpm/kpm.c:161:14: error: use of undeclared identifier 'access_ok'
        if (!access_ok(arg1, sizeof(kernel_name_buffer))) {
             ^
../drivers/kernelsu/kpm/kpm.c:181:56: error: too few arguments provided to function-like macro invocation
        if (!access_ok(arg1, sizeof(kernel_name_buffer))) {
                                                       ^
../arch/arm64/include/asm/uaccess.h:110:9: note: macro 'access_ok' defined here
#define access_ok(type, addr, size)     __range_ok((unsigned long)(addr), size)
        ^
In file included from ../drivers/kernelsu/ksu.c:57:
../drivers/kernelsu/kpm/kpm.c:181:14: error: use of undeclared identifier 'access_ok'
        if (!access_ok(arg1, sizeof(kernel_name_buffer))) {
             ^
../drivers/kernelsu/kpm/kpm.c:192:34: error: too few arguments provided to function-like macro invocation
        if (!access_ok(arg2, size)) {
                                 ^
../arch/arm64/include/asm/uaccess.h:110:9: note: macro 'access_ok' defined here
#define access_ok(type, addr, size)     __range_ok((unsigned long)(addr), size)
        ^
In file included from ../drivers/kernelsu/ksu.c:57:
../drivers/kernelsu/kpm/kpm.c:192:14: error: use of undeclared identifier 'access_ok'
        if (!access_ok(arg2, size)) {
             ^
../drivers/kernelsu/kpm/kpm.c:207:33: error: too few arguments provided to function-like macro invocation
        if (!access_ok(arg2, len)) {
                                ^
../arch/arm64/include/asm/uaccess.h:110:9: note: macro 'access_ok' defined here
#define access_ok(type, addr, size)     __range_ok((unsigned long)(addr), size)
        ^
In file included from ../drivers/kernelsu/ksu.c:57:
../drivers/kernelsu/kpm/kpm.c:207:14: error: use of undeclared identifier 'access_ok'
        if (!access_ok(arg2, len)) {
             ^
../drivers/kernelsu/kpm/kpm.c:225:46: error: too few arguments provided to function-like macro invocation
        if (!access_ok(arg1, sizeof(kpm_name))) {
                                             ^
../arch/arm64/include/asm/uaccess.h:110:9: note: macro 'access_ok' defined here
#define access_ok(type, addr, size)     __range_ok((unsigned long)(addr), size)
        ^
In file included from ../drivers/kernelsu/ksu.c:57:
../drivers/kernelsu/kpm/kpm.c:225:14: error: use of undeclared identifier 'access_ok'
        if (!access_ok(arg1, sizeof(kpm_name))) {
             ^
../drivers/kernelsu/kpm/kpm.c:229:46: error: too few arguments provided to function-like macro invocation
        if (!access_ok(arg2, sizeof(kpm_args))) {
                                             ^
../arch/arm64/include/asm/uaccess.h:110:9: note: macro 'access_ok' defined here
#define access_ok(type, addr, size)     __range_ok((unsigned long)(addr), size)
        ^
In file included from ../drivers/kernelsu/ksu.c:57:
../drivers/kernelsu/kpm/kpm.c:229:14: error: use of undeclared identifier 'access_ok'
        if (!access_ok(arg2, sizeof(kpm_args))) {
             ^
../drivers/kernelsu/kpm/kpm.c:289:49: error: too few arguments provided to function-like macro invocation
    if (!access_ok(cmd.control_code, sizeof(int))) {
                                                ^
../arch/arm64/include/asm/uaccess.h:110:9: note: macro 'access_ok' defined here
#define access_ok(type, addr, size)     __range_ok((unsigned long)(addr), size)
        ^
In file included from ../drivers/kernelsu/ksu.c:57:
../drivers/kernelsu/kpm/kpm.c:289:10: error: use of undeclared identifier 'access_ok'
    if (!access_ok(cmd.control_code, sizeof(int))) {
         ^
../drivers/kernelsu/kpm/kpm.c:295:48: error: too few arguments provided to function-like macro invocation
    if (!access_ok(cmd.result_code, sizeof(int))) {
                                               ^
../arch/arm64/include/asm/uaccess.h:110:9: note: macro 'access_ok' defined here
#define access_ok(type, addr, size)     __range_ok((unsigned long)(addr), size)
        ^
fatal error: too many errors emitted, stopping now [-ferror-limit=]
  AR      drivers/iommu/built-in.o
  CC      drivers/gpu/drm/drm_color_mgmt.o
20 errors generated.
make[3]: *** [../scripts/Makefile.build:357: drivers/kernelsu/ksu.o] Error 1
make[2]: *** [../scripts/Makefile.build:671: drivers/kernelsu] Error 2
make[2]: *** Waiting for unfinished jobs....
  CC      net/ipv4/igmp.o
  CC      net/ipv6/udp_offload.o
  AR      net/key/built-in.o
  CC      drivers/gpu/drm/drm_print.o
  CC      net/ipv4/fib_frontend.o
  CC      drivers/gpu/drm/drm_dumb_buffers.o
  CC      net/l2tp/l2tp_core.o
  CC      net/l2tp/l2tp_ppp.o
  CC      net/ipv6/seg6.o
  CC      drivers/gpu/drm/drm_mode_config.o
  CC      drivers/input/touchscreen/ili9881x/ili9881x_hostdl.o
  CC      net/ipv6/fib6_notifier.o
  CC      net/ipv4/fib_semantics.o
  CC      drivers/input/touchscreen/ili9881x/ili9881x_node.o
  CC      drivers/gpu/drm/drm_vblank.o
  CC      drivers/input/touchscreen/novatek/nt36525/nt36xxx.o
  AR      net/l2tp/built-in.o
  CC      drivers/gpu/drm/drm_syncobj.o
  CC      net/ipv6/sysctl_net_ipv6.o
  CC      drivers/input/touchscreen/ili9881x/ili9881x_sec_fn.o
  CC      net/llc/llc_core.o
  CC      drivers/gpu/drm/drm_writeback.o
  CC      net/ipv4/fib_trie.o
  CC      net/ipv6/xfrm6_policy.o
  CC      drivers/input/touchscreen/novatek/nt36525/nt36xxx_fw_update.o
  CC      drivers/gpu/drm/drm_ioc32.o
  CC      drivers/gpu/drm/drm_gem_cma_helper.o
  CC      net/llc/llc_input.o
  CC      net/ipv6/xfrm6_state.o
  CC      drivers/input/touchscreen/ili9881x/ili9881x_sec_fn_test.o
  CC      drivers/input/touchscreen/novatek/nt36525/nt36xxx_ext_proc.o
  CC      drivers/input/touchscreen/novatek/nt36525/nt36xxx_mp_ctrlram.o
  CC      drivers/gpu/drm/drm_panel.o
  CC      net/ipv6/xfrm6_input.o
  CC      net/llc/llc_output.o
  CC      net/ipv6/xfrm6_output.o
  CC      net/ipv4/fib_notifier.o
  AR      drivers/input/touchscreen/ili9881x/built-in.o
  CC      drivers/input/touchscreen/novatek/nt36525/nt36xxx_sec_fn.o
  CC      drivers/gpu/drm/drm_of.o
  CC      net/ipv4/inet_fragment.o
  AR      net/llc/llc.o
  AR      net/llc/built-in.o
  CC      net/ncm/ncm.o
  CC      net/ipv4/ping.o
  CC      net/ipv6/xfrm6_protocol.o
  CC      net/ipv6/netfilter.o
  CC      drivers/gpu/drm/drm_mipi_dsi.o
  AR      net/ncm/built-in.o
  CC      net/ipv6/fib6_rules.o
  CC      net/ipv6/proc.o
  CC      drivers/gpu/drm/panel/smcdsd_panel/panels/../smcdsd_panel_init.o
  CC      drivers/gpu/drm/mediatek/mtk_drm_drv.o
  CC      drivers/gpu/drm/panel/smcdsd_panel/panels/../smcdsd_panel.o
  CC      net/ipv4/ip_tunnel_core.o
  AR      drivers/input/touchscreen/novatek/nt36525/built-in.o
  AR      drivers/input/touchscreen/built-in.o
  AR      drivers/input/input-core.o
  AR      drivers/input/built-in.o
  CC      drivers/gpu/drm/panel/smcdsd_panel/panels/../smcdsd_board.o
  CC      drivers/gpu/drm/mediatek/mtk_disp_color.o
  CC      drivers/gpu/drm/mediatek/mtk_disp_ccorr.o
  AR      drivers/gpu/drm/drm_kms_helper.o
  CC      drivers/gpu/drm/panel/smcdsd_panel/panels/../smcdsd_notify.o
  CC      net/ipv6/syncookies.o
  CC      net/ipv4/gre_offload.o
  CC      net/ipv6/ah6.o
  AR      drivers/gpu/drm/drm.o
  CC      drivers/gpu/drm/panel/smcdsd_panel/panels/../smcdsd_abd.o
  CC      net/ipv6/esp6.o
  CC      net/ipv6/ipcomp6.o
  CC      drivers/gpu/drm/mediatek/mtk_disp_gamma.o
  CC      net/ipv4/ip_tunnel.o
  CC      net/netfilter/core.o
  CC      drivers/gpu/drm/mediatek/mtk_disp_aal.o
  CC      drivers/gpu/drm/panel/smcdsd_panel/panels/../smcdsd_dsi_msg.o
  CC      net/ipv6/xfrm6_tunnel.o
  CC      net/netfilter/nf_log.o
  CC      net/netfilter/nf_queue.o
  CC      drivers/gpu/drm/panel/smcdsd_panel/panels/a32x_ili9882n_mantix.o
  CC      drivers/gpu/drm/mediatek/mtk_disp_dither.o
  CC      drivers/gpu/drm/panel/smcdsd_panel/panels/a32x_nt36525b_sharp.o
  CC      net/ipv4/sysctl_net_ipv4.o
  CC      drivers/gpu/drm/mediatek/mtk_disp_ovl.o
  CC      drivers/gpu/drm/mediatek/mtk_disp_rdma.o
  CC      net/ipv6/tunnel6.o
  CC      net/netfilter/nf_sockopt.o
  CC      net/ipv6/xfrm6_mode_transport.o
  AR      drivers/gpu/drm/panel/smcdsd_panel/panels/built-in.o
  AR      drivers/gpu/drm/panel/smcdsd_panel/built-in.o
  CC      net/ipv6/xfrm6_mode_tunnel.o
  CC      net/ipv4/proc.o
  CC      net/ipv4/fib_rules.o
  CC      net/ipv4/gre_demux.o
  CC      net/netfilter/nfnetlink.o
  CC      net/ipv6/xfrm6_mode_beet.o
  CC      drivers/gpu/drm/mediatek/mtk_disp_rsz.o
  CC      net/netfilter/nfnetlink_queue.o
  CC      net/netfilter/nfnetlink_log.o
  CC      net/ipv6/mip6.o
  CC      drivers/gpu/drm/mediatek/mtk_disp_wdma.o
  CC      net/ipv4/udp_tunnel.o
  CC      net/ipv6/netfilter/ip6_tables.o
  CC      net/ipv6/netfilter/ip6table_filter.o
  CC      net/ipv4/ip_vti.o
  CC      net/ipv4/syncookies.o
  CC      drivers/gpu/drm/mediatek/mtk_notify.o
  CC      net/ipv4/esp4.o
  CC      net/netfilter/nf_conntrack_core.o
  CC      drivers/gpu/drm/mediatek/mtk_cust.o
  CC      net/netfilter/nf_conntrack_standalone.o
  CC      net/ipv6/ip6_vti.o
  CC      drivers/gpu/drm/mediatek/mtk_drm_crtc.o
  CC      net/ipv6/sit.o
  CC      net/ipv6/netfilter/ip6table_mangle.o
  CC      net/ipv4/xfrm4_mode_beet.o
  CC      net/ipv6/netfilter/ip6table_raw.o
  CC      drivers/gpu/drm/mediatek/mtk_drm_ddp.o
  CC      net/netfilter/nf_conntrack_expect.o
  CC      net/netfilter/nf_conntrack_helper.o
  CC      net/ipv4/tunnel4.o
  CC      net/ipv4/xfrm4_mode_transport.o
  CC      net/ipv6/netfilter/nf_conntrack_l3proto_ipv6.o
  CC      net/netlink/af_netlink.o
  CC      net/ipv4/xfrm4_mode_tunnel.o
  CC      net/netfilter/nf_conntrack_proto.o
  CC      net/ipv6/netfilter/nf_conntrack_proto_icmpv6.o
  CC      net/ipv6/netfilter/nf_defrag_ipv6_hooks.o
  CC      drivers/gpu/drm/mediatek/mtk_drm_ddp_addon.o
  CC      net/ipv4/netfilter.o
  CC      net/ipv6/netfilter/nf_conntrack_reasm.o
  CC      net/ipv4/netfilter/nf_conntrack_l3proto_ipv4.o
  CC      net/netfilter/nf_conntrack_l3proto_generic.o
  CC      net/ipv6/netfilter/nf_socket_ipv6.o
  CC      net/ipv4/netfilter/nf_conntrack_proto_icmp.o
  CC      net/ipv6/netfilter/nf_log_ipv6.o
  CC      net/netlink/genetlink.o
  CC      net/ipv4/inet_diag.o
  CC      net/netfilter/nf_conntrack_proto_generic.o
  CC      drivers/gpu/drm/mediatek/mtk_drm_ddp_comp.o
  CC      drivers/gpu/drm/mediatek/mtk_drm_fb.o
  CC      net/ipv4/netfilter/nf_nat_l3proto_ipv4.o
  CC      net/ipv6/netfilter/nf_reject_ipv6.o
  CC      net/netfilter/nf_conntrack_proto_tcp.o
  CC      net/ipv6/netfilter/ip6t_rpfilter.o
  CC      drivers/gpu/drm/mediatek/mtk_drm_gem.o
  CC      net/ipv6/netfilter/ip6t_REJECT.o
  AR      net/netlink/built-in.o
  CC      net/ipv4/tcp_diag.o
  CC      net/ipv4/udp_diag.o
  CC      net/ipv4/netfilter/nf_nat_proto_icmp.o
  CC      net/ipv4/tcp_bic.o
  AR      net/ipv6/netfilter/nf_conntrack_ipv6.o
  AR      net/ipv6/netfilter/nf_defrag_ipv6.o
  AR      net/ipv6/netfilter/built-in.o
  CC      net/ipv6/ip6_tunnel.o
  CC      drivers/gpu/drm/mediatek/mtk_drm_plane.o
  CC      drivers/gpu/drm/mediatek/mtk_dsi.o
  CC      drivers/gpu/drm/mediatek/mtk_mipi_tx.o
  CC      net/ipv4/netfilter/nf_defrag_ipv4.o
  CC      net/netfilter/nf_conntrack_proto_udp.o
  CC      net/netfilter/nf_conntrack_extend.o
  CC      net/ipv4/tcp_cubic.o
  CC      net/ipv4/netfilter/nf_socket_ipv4.o
  CC      net/ipv6/addrconf_core.o
  CC      net/ipv6/exthdrs_core.o
  CC      net/netfilter/nf_conntrack_acct.o
  CC      drivers/gpu/drm/mediatek/mtk_writeback.o
  CC      drivers/gpu/drm/mediatek/mtk_sync.o
  CC      drivers/gpu/drm/mediatek/mtk_fence.o
  CC      net/ipv6/ip6_checksum.o
  CC      net/ipv4/xfrm4_policy.o
  CC      net/ipv4/netfilter/nf_log_ipv4.o
  CC      net/ipv4/netfilter/nf_reject_ipv4.o
  CC      net/ipv4/netfilter/nf_nat_h323.o
  CC      net/netfilter/nf_conntrack_seqadj.o
  CC      drivers/gpu/drm/mediatek/mtk_drm_session.o
  CC      net/netfilter/nf_conntrack_ecache.o
  CC      net/netfilter/nf_conntrack_proto_dccp.o
  CC      net/ipv6/ip6_icmp.o
  CC      net/ipv6/output_core.o
  CC      net/ipv4/netfilter/nf_nat_pptp.o
  CC      drivers/gpu/drm/mediatek/mtk_dump.o
  CC      drivers/gpu/drm/mediatek/mtk_debug.o
  CC      net/netfilter/nf_conntrack_proto_sctp.o
  CC      net/ipv4/xfrm4_state.o
  CC      net/ipv4/xfrm4_input.o
  CC      net/netfilter/nf_conntrack_proto_gre.o
  CC      net/ipv4/netfilter/nf_nat_masquerade_ipv4.o
  CC      net/ipv6/protocol.o
  CC      net/ipv4/netfilter/nf_nat_proto_gre.o
  CC      net/ipv6/ip6_offload.o
  CC      net/ipv6/tcpv6_offload.o
  CC      net/netfilter/nf_conntrack_netlink.o
  CC      drivers/gpu/drm/mediatek/mtk_layering_rule.o
  CC      drivers/gpu/drm/mediatek/mtk_layering_rule_base.o
  CC      net/ipv4/netfilter/ip_tables.o
  CC      net/ipv4/netfilter/iptable_filter.o
  CC      net/ipv6/exthdrs_offload.o
  CC      net/ipv6/inet6_hashtables.o
  CC      net/ipv4/netfilter/iptable_mangle.o
  CC      net/ipv4/netfilter/iptable_nat.o
  CC      net/netfilter/nf_conntrack_amanda.o
  CC      net/ipv4/netfilter/iptable_raw.o
  CC      drivers/gpu/drm/mediatek/mtk_drm_mmp.o
  CC      drivers/gpu/drm/mediatek/mtk_drm_trace.o
  CC      net/ipv6/ip6_udp_tunnel.o
  CC      net/ipv6/mcast_snoop.o
  CC      net/ipv4/netfilter/iptable_security.o
  CC      net/ipv4/netfilter/ipt_ah.o
  CC      net/ipv4/netfilter/ipt_rpfilter.o
  CC      net/netfilter/nf_conntrack_ftp.o
  CC      drivers/gpu/drm/mediatek/mtk_panel_ext.o
  AR      net/ipv6/ipv6.o
  CC      net/netfilter/nf_conntrack_h323_main.o
  CC      net/ipv4/netfilter/ipt_MASQUERADE.o
  CC      net/ipv4/netfilter/ipt_REJECT.o
  AR      net/ipv6/built-in.o
  CC      net/packet/af_packet.o
  CC      drivers/gpu/drm/mediatek/mtk_drm_helper.o
  CC      net/ipv4/netfilter/arp_tables.o
  CC      net/ipv4/xfrm4_output.o
  CC      drivers/gpu/drm/mediatek/mtk_drm_lowpower.o
  CC      net/ipv4/netfilter/arpt_mangle.o
  CC      drivers/gpu/drm/mediatek/mtk_disp_postmask.o
  CC      net/ipv4/netfilter/arptable_filter.o
  CC      net/netfilter/nf_conntrack_irc.o
  CC      drivers/gpu/drm/mediatek/mtk_drm_assert.o
  CC      net/netfilter/nf_conntrack_broadcast.o
  AR      net/ipv4/netfilter/nf_conntrack_ipv4.o
  CC      net/ipv4/xfrm4_protocol.o
  CC      net/sched/sch_generic.o
  AR      net/ipv4/netfilter/nf_nat_ipv4.o
  AR      net/ipv4/netfilter/built-in.o
  CC      net/sched/sch_mq.o
  CC      net/sched/sch_api.o
  CC [M]  net/ipv4/tcp_westwood.o
  CC      net/netfilter/nf_conntrack_netbios_ns.o
  AR      net/packet/built-in.o
  CC [M]  net/ipv4/tcp_htcp.o
  CC      drivers/gpu/drm/mediatek/mtk_disp_recovery.o
  CC      net/unix/af_unix.o
  CC      net/unix/garbage.o
  CC      net/netfilter/nf_conntrack_pptp.o
  CC      net/unix/sysctl_net_unix.o
  AR      net/ipv4/gre.o
  AR      net/ipv4/built-in.o
  CC      drivers/gpu/drm/mediatek/mtk_disp_pmqos.o
  CC      net/unix/scm.o
  CC      drivers/gpu/drm/mediatek/mtk_disp_dsc.o
  CC      net/wireless/core.o
  CC      net/sched/sch_blackhole.o
  CC      net/netfilter/nf_conntrack_sane.o
  CC      net/sched/cls_api.o
  CC      net/netfilter/nf_conntrack_tftp.o
  AR      net/unix/unix.o
  AR      net/unix/built-in.o
  CC      net/sched/act_api.o
  CC      drivers/gpu/drm/mediatek/mtk_disp_merge.o
  CC      net/xfrm/xfrm_policy.o
  CC      net/xfrm/xfrm_state.o
  CC      drivers/gpu/drm/mediatek/mtk_dmdp_aal.o
  CC      net/netfilter/nf_log_common.o
  CC      net/xfrm/xfrm_hash.o
  CC      net/sched/act_police.o
  CC      drivers/gpu/drm/mediatek/mtk_fbconfig_kdebug.o
  CC      net/wireless/sysfs.o
  CC      net/wireless/radiotap.o
  CC      net/sched/act_mirred.o
  CC      net/netfilter/nf_nat_core.o
  CC      drivers/gpu/drm/mediatek/mtk_drm_fbdev.o
  CC      net/netfilter/nf_nat_proto_unknown.o
  CC      net/sched/sch_fifo.o
  CC      net/wireless/util.o
  CC      net/xfrm/xfrm_input.o
  AR      drivers/gpu/drm/mediatek/mediatek-drm.o
  AR      drivers/gpu/drm/mediatek/built-in.o
  AR      drivers/gpu/drm/built-in.o
  AR      drivers/gpu/built-in.o
make[1]: *** [/home/ubuntu/workspace/kernel/Makefile:1164: drivers] Error 2
  CC      net/xfrm/xfrm_output.o
  CC      net/xfrm/xfrm_sysctl.o
  CC      net/wireless/reg.o
  CC      net/netfilter/nf_nat_proto_common.o
  CC      net/sched/sch_htb.o
  CC      net/netfilter/nf_nat_proto_udp.o
  CC      net/sched/sch_ingress.o
  CC      net/xfrm/xfrm_replay.o
  CC      net/netfilter/nf_nat_proto_tcp.o
  CC      net/sched/sch_prio.o
  CC      net/xfrm/xfrm_device.o
  CC      net/wireless/scan.o
  CC      net/xfrm/xfrm_proc.o
  CC      net/netfilter/nf_nat_helper.o
  CC      net/sched/cls_u32.o
  CC      net/sched/cls_basic.o
  CC      net/xfrm/xfrm_algo.o
  CC      net/sched/cls_bpf.o
  CC      net/netfilter/nf_nat_proto_dccp.o
  CC      net/sched/ematch.o
  CC      net/netfilter/nf_nat_proto_sctp.o
  CC      net/xfrm/xfrm_user.o
  CC      net/xfrm/xfrm_ipcomp.o
  CC      net/sched/em_u32.o
  CC      net/compat.o
  CC      net/wireless/nl80211.o
  CC      net/netfilter/nf_nat_redirect.o
  CC      net/sysctl_net.o
  AR      net/sched/built-in.o
  CC      net/xfrm/xfrm_interface.o
  CC      net/netfilter/nf_nat_amanda.o
  CC      net/netfilter/nf_nat_ftp.o
  CC      net/netfilter/nf_nat_irc.o
  CC      net/netfilter/nf_nat_tftp.o
  AR      net/xfrm/built-in.o
  CC      net/wireless/mlme.o
  CC      net/wireless/ibss.o
  CC      net/netfilter/x_tables.o
  CC      net/wireless/sme.o
  CC      net/wireless/chan.o
  CC      net/netfilter/xt_tcpudp.o
  CC      net/wireless/ethtool.o
  CC      net/netfilter/xt_mark.o
  CC      net/netfilter/xt_connmark.o
  CC      net/netfilter/xt_nat.o
  CC      net/wireless/mesh.o
  CC      net/netfilter/xt_CLASSIFY.o
  CC      net/wireless/ap.o
  CC      net/netfilter/xt_CONNSECMARK.o
  CC      net/wireless/trace.o
  CC      net/wireless/ocb.o
  CC      net/wireless/of.o
  CC      net/netfilter/xt_CT.o
  CC      net/netfilter/xt_LOG.o
  CC      net/netfilter/xt_NETMAP.o
  CC      net/netfilter/xt_NFLOG.o
  CC      net/wireless/regdb.o
  CC      net/wireless/wext-core.o
  CC      net/wireless/wext-proc.o
  CC      net/wireless/wext-priv.o
  CC      net/netfilter/xt_NFQUEUE.o
  CC      net/netfilter/xt_REDIRECT.o
  CC      net/netfilter/xt_SECMARK.o
  CC      net/netfilter/xt_TPROXY.o
  CC      net/netfilter/xt_TCPMSS.o
  CC      net/netfilter/xt_TRACE.o
  CC      net/netfilter/xt_IDLETIMER.o
  CC      net/netfilter/xt_bpf.o
  CC      net/netfilter/xt_comment.o
  CC      net/netfilter/xt_connlimit.o
  CC      net/netfilter/xt_conntrack.o
  CC      net/netfilter/xt_ecn.o
  CC      net/netfilter/xt_esp.o
  CC      net/netfilter/xt_hashlimit.o
  CC      net/netfilter/xt_helper.o
  CC      net/netfilter/xt_hl.o
  CC      net/netfilter/xt_iprange.o
  CC      net/netfilter/xt_l2tp.o
  CC      net/netfilter/xt_length.o
  CC      net/netfilter/xt_limit.o
  CC      net/netfilter/xt_mac.o
  CC      net/netfilter/xt_owner.o
  CC      net/netfilter/xt_pkttype.o
  AR      net/wireless/cfg80211.o
  AR      net/wireless/built-in.o
  CC      net/netfilter/xt_policy.o
  CC      net/netfilter/xt_quota.o
  CC      net/netfilter/xt_quota2.o
  CC      net/netfilter/xt_socket.o
  CC      net/netfilter/xt_state.o
  CC      net/netfilter/xt_statistic.o
  CC      net/netfilter/xt_string.o
  CC      net/netfilter/xt_time.o
  CC      net/netfilter/xt_u32.o
  CC      net/netfilter/xt_domainfilter.o
  AR      net/netfilter/netfilter.o
  AR      net/netfilter/nf_conntrack.o
  AR      net/netfilter/nf_conntrack_h323.o
  AR      net/netfilter/nf_nat.o
  AR      net/netfilter/built-in.o
  AR      net/built-in.o
